../Core/Src/general.c:59:13:render_map_page	48	static
../Core/Src/general.c:109:13:render_lidar_page	80	static
../Core/Src/general.c:143:13:render_imu_page	40	static
../Core/Src/general.c:181:13:render_position_page	48	static
../Core/Src/general.c:206:13:render_direction_page	48	static
../Core/Src/general.c:234:6:GENERAL_Init	8	static
../Core/Src/general.c:291:6:GENERAL_Update	80	static
../Core/Src/general.c:420:6:GENERAL_ResetPose	8	static
../Core/Src/general.c:429:6:GENERAL_OLED_Debug	8	static
