../Core/Src/oled.c:14:13:OLED_RecoverBus	32	static
../Core/Src/oled.c:44:6:OLED_Init	16	static
../Core/Src/oled.c:51:6:OLED_Clear	8	static
../Core/Src/oled.c:57:6:OLED_Print	16	static
../Core/Src/oled.c:66:6:OLED_Update	16	static
../Core/Src/oled.c:84:6:OLED_ClearArea	32	static
../Core/Src/oled.c:88:6:OLED_Rectangle	32	static
../Core/Src/oled.c:93:6:OLED_DrawOutline	32	static
../Core/Src/oled.c:99:6:OLED_DrawCircle	16	static
../Core/Src/oled.c:103:6:OLED_DrawLine	32	static
../Core/Src/oled.c:110:6:OLED_DrawPixel	16	static
