../Drivers/Middlewares/SSD1306/ssd1306.c:60:6:SSD1306_ScrollRight	16	static
../Drivers/Middlewares/SSD1306/ssd1306.c:73:6:SSD1306_ScrollLeft	16	static
../Drivers/Middlewares/SSD1306/ssd1306.c:86:6:SSD1306_Scrolldiagright	16	static
../Drivers/Middlewares/SSD1306/ssd1306.c:102:6:SSD1306_Scrolldiagleft	16	static
../Drivers/Middlewares/SSD1306/ssd1306.c:118:6:SSD1306_Stopscroll	8	static
../Drivers/Middlewares/SSD1306/ssd1306.c:125:6:SSD1306_InvertDisplay	16	static
../Drivers/Middlewares/SSD1306/ssd1306.c:134:6:SSD1306_DrawBitmap	32	static
../Drivers/Middlewares/SSD1306/ssd1306.c:160:6:ssd1306_I2C_SetHandle	16	static
../Drivers/Middlewares/SSD1306/ssd1306.c:166:9:SSD1306_Init	16	static
../Drivers/Middlewares/SSD1306/ssd1306.c:232:6:SSD1306_UpdateScreen	16	static
../Drivers/Middlewares/SSD1306/ssd1306.c:252:6:SSD1306_ToggleInvert	16	static
../Drivers/Middlewares/SSD1306/ssd1306.c:264:6:SSD1306_Fill	16	static
../Drivers/Middlewares/SSD1306/ssd1306.c:269:6:SSD1306_DrawPixel	16	static
../Drivers/Middlewares/SSD1306/ssd1306.c:291:6:SSD1306_GotoXY	16	static
../Drivers/Middlewares/SSD1306/ssd1306.c:297:6:SSD1306_Putc	32	static
../Drivers/Middlewares/SSD1306/ssd1306.c:328:6:SSD1306_Puts	24	static
../Drivers/Middlewares/SSD1306/ssd1306.c:346:6:SSD1306_DrawLine	40	static
../Drivers/Middlewares/SSD1306/ssd1306.c:430:6:SSD1306_DrawRectangle	32	static
../Drivers/Middlewares/SSD1306/ssd1306.c:455:6:SSD1306_DrawFilledRectangle	40	static
../Drivers/Middlewares/SSD1306/ssd1306.c:482:6:SSD1306_DrawTriangle	32	static
../Drivers/Middlewares/SSD1306/ssd1306.c:490:6:SSD1306_DrawFilledTriangle	64	static
../Drivers/Middlewares/SSD1306/ssd1306.c:546:6:SSD1306_DrawCircle	40	static
../Drivers/Middlewares/SSD1306/ssd1306.c:580:6:SSD1306_DrawFilledCircle	48	static
../Drivers/Middlewares/SSD1306/ssd1306.c:613:6:SSD1306_Clear	8	static
../Drivers/Middlewares/SSD1306/ssd1306.c:618:6:SSD1306_ON	8	static
../Drivers/Middlewares/SSD1306/ssd1306.c:623:6:SSD1306_OFF	8	static
../Drivers/Middlewares/SSD1306/ssd1306.c:639:6:ssd1306_I2C_Init	16	static
../Drivers/Middlewares/SSD1306/ssd1306.c:651:6:ssd1306_I2C_WriteMulti	296	static
../Drivers/Middlewares/SSD1306/ssd1306.c:661:6:ssd1306_I2C_Write	32	static
